Testing Session ID Flow
==================================================

1. Sending first message (no session_id)...
✓ Response received:
  - Session ID returned: ca0d452a-3426-4265-8d31-f1c49418bb12
  - Chat ID: 91684e05-4c95-46b1-bdd4-254a25bfa65c
  - Response: Processing your request......

  Waiting 3 seconds for webhooks...

2. Checking messages for session ca0d452a-3426-4265-8d31-f1c49418bb12...
✓ Found 2 messages in session
  - [user] Hello, this is message 1...
  - [assistant] Error: Claude Code CLI not found. Install with: np...

3. Sending second message with session_id: ca0d452a-3426-4265-8d31-f1c49418bb12...
✓ Response received:
  - Session ID returned: ca0d452a-3426-4265-8d31-f1c49418bb12
  - Chat ID: e9b47975-0e1f-4ea9-85b1-8eec85bfc295
  - Response: Processing your request......

✓ Session ID remained consistent: ca0d452a-3426-4265-8d31-f1c49418bb12

  Waiting 3 seconds for webhooks...

4. Checking all messages in session ca0d452a-3426-4265-8d31-f1c49418bb12...
✓ Found 4 messages in session
  1. [user] Hello, this is message 1...
  2. [assistant] Error: Claude Code CLI not found. Install with: npm install ...
  3. [user] This is message 2, do you remember message 1?...
  4. [assistant] Error: Claude Code CLI not found. Install with: npm install ...

5. Checking hooks for last assistant message 215c91ea-9e53-4bb2-a180-b2ea9f1611e7...
✓ Found 0 hooks
