Testing webhook update flow
==================================================

1. Creating a test message...
✓ Message created:
  - Chat ID: 5a05767a-2fa0-462e-87f0-5560cffe9ecb
  - Session ID: a81e6338-a381-4c2c-a6c2-dced5e1b4aa5

2. Sending successful webhook to /api/webhooks/chat/5a05767a-2fa0-462e-87f0-5560cffe9ecb...
Webhook response: 200
✓ Webhook processed successfully

3. Checking messages in session a81e6338-a381-4c2c-a6c2-dced5e1b4aa5...
Found 3 messages:
  [user] Test message for webhook update...
  [assistant] Error: Claude Code CLI not found. Install with: npm install -g @anthropic-ai/claude-code...
  [assistant] Based on what you told me earlier, your name is TestUser and you like Python programming. This is a ...
